ASxxxx Linker V03.00 + NoICE + sdld,  page 1.
Hexadecimal  [32-Bits]

Area                                    Addr        Size        Decimal Bytes (Attributes)
--------------------------------        ----        ----        ------- ----- ------------
.  .ABS.                            00000000    00000000 =           0. bytes (ABS,CON)

      Value  Global                              Global Defined In Module
      -----  --------------------------------   ------------------------
     00000000  .__.ABS.                           
     00000000  l__CABS                         
     00000000  l__CODE_0                       
     00000000  l__DABS                         
     00000000  l__HEADER                       
     00000000  l__HEAP                         
     00000000  l__HRAM                         
     00000000  l__LIT                          
     00000000  l__SFR                          
     00000000  s__CABS                         
     00000000  s__DABS                         
     00000000  s__HEADER                       
     00000000  s__HEADER0                      
     00000000  s__HEADER1                      
     00000000  s__HEADER10                     
     00000000  s__HEADER2                      
     00000000  s__HEADER3                      
     00000000  s__HEADER4                      
     00000000  s__HEADER5                      
     00000000  s__HEADER6                      
     00000000  s__HEADER7                      
     00000000  s__HEADER8                      
     00000000  s__HEADER9                      
     00000000  s__HEADERa                      
     00000000  s__HEADERb                      
     00000000  s__HEADERc                      
     00000000  s__HEADERd                      
     00000000  s__HEADERe                      
     00000000  s__HEADERf                      
     00000000  s__HRAM                         
     00000000  s__HRAM11                       
     00000000  s__SFR                          
     00000000  s__SFR0                         
     00000000  s__SFR1                         
     00000000  s__SFR10                        
     00000000  s__SFR11                        
     00000000  s__SFR12                        
     00000000  s__SFR13                        
     00000000  s__SFR14                        
     00000000  s__SFR15                        
     00000000  s__SFR16                        
     00000000  s__SFR17                        
     00000000  s__SFR18                        
     00000000  s__SFR19                        
     00000000  s__SFR1a                        
     00000000  s__SFR1b                        
     00000000  s__SFR1c                        
     00000000  s__SFR1d                        
     00000000  s__SFR1e                        
     00000000  s__SFR1f                        
ASxxxx Linker V03.00 + NoICE + sdld,  page 2.
Hexadecimal  [32-Bits]

Area                                    Addr        Size        Decimal Bytes (Attributes)
--------------------------------        ----        ----        ------- ----- ------------
.  .ABS.                            00000000    00000000 =           0. bytes (ABS,CON)

      Value  Global                              Global Defined In Module
      -----  --------------------------------   ------------------------
     00000000  s__SFR2                         
     00000000  s__SFR20                        
     00000000  s__SFR21                        
     00000000  s__SFR22                        
     00000000  s__SFR23                        
     00000000  s__SFR24                        
     00000000  s__SFR25                        
     00000000  s__SFR26                        
     00000000  s__SFR27                        
     00000000  s__SFR28                        
     00000000  s__SFR29                        
     00000000  s__SFR2a                        
     00000000  s__SFR2b                        
     00000000  s__SFR2c                        
     00000000  s__SFR2d                        
     00000000  s__SFR2e                        
     00000000  s__SFR2f                        
     00000000  s__SFR3                         
     00000000  s__SFR30                        
     00000000  s__SFR31                        
     00000000  s__SFR32                        
     00000000  s__SFR33                        
     00000000  s__SFR34                        
     00000000  s__SFR35                        
     00000000  s__SFR36                        
     00000000  s__SFR4                         
     00000000  s__SFR5                         
     00000000  s__SFR6                         
     00000000  s__SFR7                         
     00000000  s__SFR8                         
     00000000  s__SFR9                         
     00000000  s__SFRa                         
     00000000  s__SFRb                         
     00000000  s__SFRc                         
     00000000  s__SFRd                         
     00000000  s__SFRe                         
     00000000  s__SFRf                         
     00000001  l__GSFINAL                      
     00000001  l__HEADER0                      
     00000001  l__HEADER10                     
     00000001  l__HEADER8                      
     00000001  l__HEADER9                      
     00000001  l__HEADERa                      
     00000001  l__HEADERc                      
     00000001  l__HEADERd                      
     00000001  l__SFR0                         
     00000001  l__SFR1                         
     00000001  l__SFR10                        
     00000001  l__SFR11                        
     00000001  l__SFR12                        
     00000001  l__SFR13                        
ASxxxx Linker V03.00 + NoICE + sdld,  page 3.
Hexadecimal  [32-Bits]

Area                                    Addr        Size        Decimal Bytes (Attributes)
--------------------------------        ----        ----        ------- ----- ------------
.  .ABS.                            00000000    00000000 =           0. bytes (ABS,CON)

      Value  Global                              Global Defined In Module
      -----  --------------------------------   ------------------------
     00000001  l__SFR14                        
     00000001  l__SFR15                        
     00000001  l__SFR16                        
     00000001  l__SFR17                        
     00000001  l__SFR18                        
     00000001  l__SFR19                        
     00000001  l__SFR1a                        
     00000001  l__SFR1b                        
     00000001  l__SFR1c                        
     00000001  l__SFR1d                        
     00000001  l__SFR1e                        
     00000001  l__SFR1f                        
     00000001  l__SFR2                         
     00000001  l__SFR20                        
     00000001  l__SFR21                        
     00000001  l__SFR22                        
     00000001  l__SFR23                        
     00000001  l__SFR24                        
     00000001  l__SFR25                        
     00000001  l__SFR26                        
     00000001  l__SFR27                        
     00000001  l__SFR28                        
     00000001  l__SFR29                        
     00000001  l__SFR2a                        
     00000001  l__SFR2b                        
     00000001  l__SFR2c                        
     00000001  l__SFR2d                        
     00000001  l__SFR2e                        
     00000001  l__SFR2f                        
     00000001  l__SFR3                         
     00000001  l__SFR30                        
     00000001  l__SFR31                        
     00000001  l__SFR32                        
     00000001  l__SFR33                        
     00000001  l__SFR34                        
     00000001  l__SFR35                        
     00000001  l__SFR36                        
     00000001  l__SFR4                         
     00000001  l__SFR5                         
     00000001  l__SFR6                         
     00000001  l__SFR7                         
     00000001  l__SFR8                         
     00000001  l__SFR9                         
     00000001  l__SFRa                         
     00000001  l__SFRb                         
     00000001  l__SFRc                         
     00000001  l__SFRd                         
     00000001  l__SFRe                         
     00000001  l__SFRf                         
     00000002  l__HEADERb                      
     00000002  l__HEADERe                      
ASxxxx Linker V03.00 + NoICE + sdld,  page 4.
Hexadecimal  [32-Bits]

Area                                    Addr        Size        Decimal Bytes (Attributes)
--------------------------------        ----        ----        ------- ----- ------------
.  .ABS.                            00000000    00000000 =           0. bytes (ABS,CON)

      Value  Global                              Global Defined In Module
      -----  --------------------------------   ------------------------
     00000003  l__HEADER7                      
     00000003  l__HRAM11                       
     00000005  l__HEADER1                      
     00000006  l__HEADER6                      
     00000007  l__HEADER2                      
     00000008  l__HEADER3                      
     00000012  l__GSINIT                       
     0000001B  l__BSS                          
     0000001B  l__DATA                         
     0000002C  l__HEADER4                      
     00000033  l__HEADER5                      
     0000006A  l__HOME                         
     00000083  l__HEADERf                      
     000001A5  l__BASE                         
     00000200  s__CODE                         
     00001A55  l__CODE                         
     00001C55  s__HOME                         
     00001CBF  s__BASE                         
     00001E64  s__CODE_0                       
     00001E64  s__GSINIT                       
     00001E64  s__LIT                          
     00001E76  s__GSFINAL                      
     0000C000  _shadow_OAM                     
     0000C0A0  s__DATA                         
     0000C0BB  s__BSS                          
     0000C0D6  s__HEAP                         
     0000E000  .STACK                          
     0000FF80  .refresh_OAM                    
ASxxxx Linker V03.00 + NoICE + sdld,  page 5.
Hexadecimal  [32-Bits]

Area                                    Addr        Size        Decimal Bytes (Attributes)
--------------------------------        ----        ----        ------- ----- ------------
_CODE                               00000200    00001A55 =        6741. bytes (REL,CON)

      Value  Global                              Global Defined In Module
      -----  --------------------------------   ------------------------
     00000200  A$main$53                          main
     00000200  C$main.c$5$0_0$97                  main
     00000200  C$main.c$6$1_0$97                  main
     00000200  G$main$0$0                         main
     00000200  _main                              main
     00000203  A$main$58                          main
     00000203  C$main.c$8$1_0$97                  main
     00000206  A$main$69                          main
     00000206  C$main.c$10$1_0$97                 main
     00000206  C$main.c$9$1_0$97                  main
     00000206  XG$main$0$0                        main
     00000208  G$headsUpDisplayMap$0_0$0          headsUpDisplayMB
     00000208  _headsUpDisplayMap                 headsUpDisplayMB
     00000244  G$overworldMap$0_0$0               overworldMB
     00000244  _overworldMap                      overworldMB
     00000AF0  A$lcc87642$87                      gameConfiguration
     00000AF0  C$gameConfiguration.c$25$0_0$116   gameConfiguration
     00000AF0  C$gameConfiguration.c$29$2_0$116   gameConfiguration
     00000AF0  G$performatDelay$0$0               gameConfiguration
     00000AF0  _performatDelay                    gameConfiguration
     00000AF2  A$lcc87642$89                      gameConfiguration
     00000AF3  A$lcc87642$90                      gameConfiguration
     00000AF5  A$lcc87642$91                      gameConfiguration
     00000AF6  A$lcc87642$92                      gameConfiguration
     00000AF7  A$lcc87642$93                      gameConfiguration
     00000AFA  A$lcc87642$94                      gameConfiguration
     00000AFB  A$lcc87642$102                     gameConfiguration
     00000AFB  C$gameConfiguration.c$30$2_0$116   gameConfiguration
     00000AFB  XG$performatDelay$0$0              gameConfiguration
     00000AFD  A$lcc87642$115                     gameConfiguration
     00000AFD  C$gameConfiguration.c$32$2_0$118   gameConfiguration
     00000AFD  C$gameConfiguration.c$34$1_0$118   gameConfiguration
     00000AFD  G$textLoadFont$0$0                 gameConfiguration
     00000AFD  _textLoadFont                      gameConfiguration
     00000B00  A$lcc87642$116                     gameConfiguration
     00000B01  A$lcc87642$117                     gameConfiguration
     00000B03  A$lcc87642$118                     gameConfiguration
     00000B04  A$lcc87642$119                     gameConfiguration
     00000B05  A$lcc87642$120                     gameConfiguration
     00000B06  A$lcc87642$121                     gameConfiguration
     00000B07  A$lcc87642$122                     gameConfiguration
     00000B08  A$lcc87642$123                     gameConfiguration
     00000B0B  A$lcc87642$124                     gameConfiguration
     00000B0D  A$lcc87642$131                     gameConfiguration
     00000B0D  C$gameConfiguration.c$36$2_0$120   gameConfiguration
     00000B0D  C$gameConfiguration.c$37$2_0$120   gameConfiguration
     00000B10  A$lcc87642$135                     gameConfiguration
     00000B10  C$gameConfiguration.c$43$2_1$118   gameConfiguration
     00000B13  A$lcc87642$140                     gameConfiguration
     00000B13  C$gameConfiguration.c$45$3_1$121   gameConfiguration
ASxxxx Linker V03.00 + NoICE + sdld,  page 6.
Hexadecimal  [32-Bits]

Area                                    Addr        Size        Decimal Bytes (Attributes)
--------------------------------        ----        ----        ------- ----- ------------
_CODE                               00000200    00001A55 =        6741. bytes (REL,CON)

      Value  Global                              Global Defined In Module
      -----  --------------------------------   ------------------------
     00000B14  A$lcc87642$141                     gameConfiguration
     00000B17  A$lcc87642$142                     gameConfiguration
     00000B18  A$lcc87642$143                     gameConfiguration
     00000B1B  A$lcc87642$144                     gameConfiguration
     00000B1C  A$lcc87642$145                     gameConfiguration
     00000B1D  A$lcc87642$146                     gameConfiguration
     00000B1E  A$lcc87642$147                     gameConfiguration
     00000B1F  A$lcc87642$148                     gameConfiguration
     00000B20  A$lcc87642$149                     gameConfiguration
     00000B21  A$lcc87642$150                     gameConfiguration
     00000B24  A$lcc87642$151                     gameConfiguration
     00000B26  A$lcc87642$152                     gameConfiguration
     00000B27  A$lcc87642$156                     gameConfiguration
     00000B27  C$gameConfiguration.c$47$3_1$121   gameConfiguration
     00000B28  A$lcc87642$160                     gameConfiguration
     00000B28  C$gameConfiguration.c$49$3_1$121   gameConfiguration
     00000B29  A$lcc87642$161                     gameConfiguration
     00000B2B  A$lcc87642$162                     gameConfiguration
     00000B2D  A$lcc87642$163                     gameConfiguration
     00000B2F  A$lcc87642$164                     gameConfiguration
     00000B30  A$lcc87642$169                     gameConfiguration
     00000B30  C$gameConfiguration.c$43$2_1$120   gameConfiguration
     00000B31  A$lcc87642$170                     gameConfiguration
     00000B32  A$lcc87642$171                     gameConfiguration
     00000B34  A$lcc87642$172                     gameConfiguration
     00000B35  A$lcc87642$173                     gameConfiguration
     00000B37  A$lcc87642$174                     gameConfiguration
     00000B39  A$lcc87642$182                     gameConfiguration
     00000B39  C$gameConfiguration.c$51$2_1$118   gameConfiguration
     00000B39  XG$textLoadFont$0$0                gameConfiguration
     00000B3A  A$lcc87642$192                     gameConfiguration
     00000B3A  C$gameConfiguration.c$53$2_1$124   gameConfiguration
     00000B3A  G$textPrintCharBkgOrWin$0$0        gameConfiguration
     00000B3A  _textPrintCharBkgOrWin             gameConfiguration
     00000B3B  A$lcc87642$196                     gameConfiguration
     00000B3B  C$gameConfiguration.c$55$2_0$124   gameConfiguration
     00000B3D  A$lcc87642$197                     gameConfiguration
     00000B3F  A$lcc87642$201                     gameConfiguration
     00000B3F  C$gameConfiguration.c$57$1_0$124   gameConfiguration
     00000B41  A$lcc87642$202                     gameConfiguration
     00000B42  A$lcc87642$203                     gameConfiguration
     00000B43  A$lcc87642$204                     gameConfiguration
     00000B45  A$lcc87642$205                     gameConfiguration
     00000B47  A$lcc87642$206                     gameConfiguration
     00000B49  A$lcc87642$207                     gameConfiguration
     00000B4A  A$lcc87642$208                     gameConfiguration
     00000B4C  A$lcc87642$209                     gameConfiguration
     00000B4D  A$lcc87642$210                     gameConfiguration
     00000B4F  A$lcc87642$211                     gameConfiguration
     00000B51  A$lcc87642$212                     gameConfiguration
     00000B52  A$lcc87642$213                     gameConfiguration
ASxxxx Linker V03.00 + NoICE + sdld,  page 7.
Hexadecimal  [32-Bits]

Area                                    Addr        Size        Decimal Bytes (Attributes)
--------------------------------        ----        ----        ------- ----- ------------
_CODE                               00000200    00001A55 =        6741. bytes (REL,CON)

      Value  Global                              Global Defined In Module
      -----  --------------------------------   ------------------------
     00000B54  A$lcc87642$218                     gameConfiguration
     00000B54  C$gameConfiguration.c$58$1_0$124   gameConfiguration
     00000B56  A$lcc87642$219                     gameConfiguration
     00000B57  A$lcc87642$220                     gameConfiguration
     00000B59  A$lcc87642$221                     gameConfiguration
     00000B5B  A$lcc87642$222                     gameConfiguration
     00000B5D  A$lcc87642$223                     gameConfiguration
     00000B5E  A$lcc87642$224                     gameConfiguration
     00000B60  A$lcc87642$225                     gameConfiguration
     00000B61  A$lcc87642$226                     gameConfiguration
     00000B63  A$lcc87642$227                     gameConfiguration
     00000B65  A$lcc87642$228                     gameConfiguration
     00000B66  A$lcc87642$229                     gameConfiguration
     00000B68  A$lcc87642$234                     gameConfiguration
     00000B68  C$gameConfiguration.c$59$1_0$124   gameConfiguration
     00000B6A  A$lcc87642$235                     gameConfiguration
     00000B6B  A$lcc87642$236                     gameConfiguration
     00000B6D  A$lcc87642$237                     gameConfiguration
     00000B6F  A$lcc87642$238                     gameConfiguration
     00000B71  A$lcc87642$239                     gameConfiguration
     00000B72  A$lcc87642$240                     gameConfiguration
     00000B74  A$lcc87642$241                     gameConfiguration
     00000B75  A$lcc87642$242                     gameConfiguration
     00000B77  A$lcc87642$243                     gameConfiguration
     00000B79  A$lcc87642$244                     gameConfiguration
     00000B7A  A$lcc87642$245                     gameConfiguration
     00000B7C  A$lcc87642$250                     gameConfiguration
     00000B7C  C$gameConfiguration.c$61$2_0$128   gameConfiguration
     00000B7E  A$lcc87642$251                     gameConfiguration
     00000B7F  A$lcc87642$252                     gameConfiguration
     00000B81  A$lcc87642$253                     gameConfiguration
     00000B83  A$lcc87642$254                     gameConfiguration
     00000B85  A$lcc87642$255                     gameConfiguration
     00000B86  A$lcc87642$256                     gameConfiguration
     00000B88  A$lcc87642$257                     gameConfiguration
     00000B8A  A$lcc87642$258                     gameConfiguration
     00000B8C  A$lcc87642$259                     gameConfiguration
     00000B8D  A$lcc87642$260                     gameConfiguration
     00000B8F  A$lcc87642$261                     gameConfiguration
     00000B91  A$lcc87642$262                     gameConfiguration
     00000B93  A$lcc87642$263                     gameConfiguration
     00000B94  A$lcc87642$264                     gameConfiguration
     00000B96  A$lcc87642$265                     gameConfiguration
     00000B98  A$lcc87642$266                     gameConfiguration
     00000B9A  A$lcc87642$271                     gameConfiguration
     00000B9A  C$gameConfiguration.c$63$3_0$129   gameConfiguration
     00000B9B  A$lcc87642$272                     gameConfiguration
     00000B9D  A$lcc87642$273                     gameConfiguration
     00000B9E  A$lcc87642$274                     gameConfiguration
     00000BA0  A$lcc87642$279                     gameConfiguration
     00000BA0  C$gameConfiguration.c$64$3_0$129   gameConfiguration
ASxxxx Linker V03.00 + NoICE + sdld,  page 8.
Hexadecimal  [32-Bits]

Area                                    Addr        Size        Decimal Bytes (Attributes)
--------------------------------        ----        ----        ------- ----- ------------
_CODE                               00000200    00001A55 =        6741. bytes (REL,CON)

      Value  Global                              Global Defined In Module
      -----  --------------------------------   ------------------------
     00000BA2  A$lcc87642$280                     gameConfiguration
     00000BA4  A$lcc87642$281                     gameConfiguration
     00000BA6  A$lcc87642$286                     gameConfiguration
     00000BA6  C$gameConfiguration.c$65$3_0$129   gameConfiguration
     00000BA8  A$lcc87642$287                     gameConfiguration
     00000BAA  A$lcc87642$288                     gameConfiguration
     00000BAC  A$lcc87642$293                     gameConfiguration
     00000BAC  C$gameConfiguration.c$66$3_0$129   gameConfiguration
     00000BAE  A$lcc87642$294                     gameConfiguration
     00000BB0  A$lcc87642$302                     gameConfiguration
     00000BB0  C$gameConfiguration.c$67$1_0$124   gameConfiguration
     00000BB0  C$gameConfiguration.c$70$1_0$124   gameConfiguration
     00000BB2  A$lcc87642$303                     gameConfiguration
     00000BB3  A$lcc87642$304                     gameConfiguration
     00000BB5  A$lcc87642$305                     gameConfiguration
     00000BB7  A$lcc87642$306                     gameConfiguration
     00000BB9  A$lcc87642$307                     gameConfiguration
     00000BBA  A$lcc87642$308                     gameConfiguration
     00000BBD  A$lcc87642$309                     gameConfiguration
     00000BBE  A$lcc87642$310                     gameConfiguration
     00000BC0  A$lcc87642$311                     gameConfiguration
     00000BC1  A$lcc87642$312                     gameConfiguration
     00000BC2  A$lcc87642$313                     gameConfiguration
     00000BC3  A$lcc87642$314                     gameConfiguration
     00000BC4  A$lcc87642$315                     gameConfiguration
     00000BC5  A$lcc87642$316                     gameConfiguration
     00000BC6  A$lcc87642$317                     gameConfiguration
     00000BC7  A$lcc87642$318                     gameConfiguration
     00000BCA  A$lcc87642$319                     gameConfiguration
     00000BCC  A$lcc87642$320                     gameConfiguration
     00000BCE  A$lcc87642$325                     gameConfiguration
     00000BCE  C$gameConfiguration.c$71$2_0$131   gameConfiguration
     00000BD0  A$lcc87642$326                     gameConfiguration
     00000BD1  A$lcc87642$327                     gameConfiguration
     00000BD4  A$lcc87642$328                     gameConfiguration
     00000BD5  A$lcc87642$329                     gameConfiguration
     00000BD7  A$lcc87642$330                     gameConfiguration
     00000BD8  A$lcc87642$331                     gameConfiguration
     00000BD9  A$lcc87642$332                     gameConfiguration
     00000BDA  A$lcc87642$333                     gameConfiguration
     00000BDB  A$lcc87642$334                     gameConfiguration
     00000BDC  A$lcc87642$335                     gameConfiguration
     00000BDD  A$lcc87642$336                     gameConfiguration
     00000BDE  A$lcc87642$337                     gameConfiguration
     00000BE1  A$lcc87642$338                     gameConfiguration
     00000BE3  A$lcc87642$343                     gameConfiguration
     00000BE4  A$lcc87642$348                     gameConfiguration
     00000BE4  C$gameConfiguration.c$72$1_0$124   gameConfiguration
     00000BE4  XG$textPrintCharBkgOrWin$0$0       gameConfiguration
     00000BE5  A$lcc87642$358                     gameConfiguration
     00000BE5  C$gameConfiguration.c$74$1_0$133   gameConfiguration
ASxxxx Linker V03.00 + NoICE + sdld,  page 9.
Hexadecimal  [32-Bits]

Area                                    Addr        Size        Decimal Bytes (Attributes)
--------------------------------        ----        ----        ------- ----- ------------
_CODE                               00000200    00001A55 =        6741. bytes (REL,CON)

      Value  Global                              Global Defined In Module
      -----  --------------------------------   ------------------------
     00000BE5  G$textPrintStringBkgOrWin$0$0      gameConfiguration
     00000BE5  _textPrintStringBkgOrWin           gameConfiguration
     00000BE7  A$lcc87642$365                     gameConfiguration
     00000BE7  C$gameConfiguration.c$76$2_0$133   gameConfiguration
     00000BE7  C$gameConfiguration.c$77$2_0$133   gameConfiguration
     00000BEA  A$lcc87642$369                     gameConfiguration
     00000BEA  C$gameConfiguration.c$79$1_0$133   gameConfiguration
     00000BEC  A$lcc87642$370                     gameConfiguration
     00000BED  A$lcc87642$371                     gameConfiguration
     00000BEE  A$lcc87642$372                     gameConfiguration
     00000BEF  A$lcc87642$374                     gameConfiguration
     00000BF0  A$lcc87642$375                     gameConfiguration
     00000BF2  A$lcc87642$379                     gameConfiguration
     00000BF2  C$gameConfiguration.c$81$2_0$134   gameConfiguration
     00000BF3  A$lcc87642$380                     gameConfiguration
     00000BF4  A$lcc87642$381                     gameConfiguration
     00000BF6  A$lcc87642$385                     gameConfiguration
     00000BF6  C$gameConfiguration.c$82$3_0$135   gameConfiguration
     00000BF8  A$lcc87642$386                     gameConfiguration
     00000BFA  A$lcc87642$387                     gameConfiguration
     00000BFB  A$lcc87642$391                     gameConfiguration
     00000BFB  C$gameConfiguration.c$83$3_0$135   gameConfiguration
     00000BFC  A$lcc87642$392                     gameConfiguration
     00000BFE  A$lcc87642$397                     gameConfiguration
     00000BFE  C$gameConfiguration.c$87$3_0$136   gameConfiguration
     00000C00  A$lcc87642$398                     gameConfiguration
     00000C01  A$lcc87642$399                     gameConfiguration
     00000C02  A$lcc87642$400                     gameConfiguration
     00000C04  A$lcc87642$401                     gameConfiguration
     00000C05  A$lcc87642$402                     gameConfiguration
     00000C07  A$lcc87642$403                     gameConfiguration
     00000C08  A$lcc87642$404                     gameConfiguration
     00000C09  A$lcc87642$405                     gameConfiguration
     00000C0A  A$lcc87642$406                     gameConfiguration
     00000C0B  A$lcc87642$407                     gameConfiguration
     00000C0D  A$lcc87642$408                     gameConfiguration
     00000C0E  A$lcc87642$409                     gameConfiguration
     00000C0F  A$lcc87642$410                     gameConfiguration
     00000C10  A$lcc87642$411                     gameConfiguration
     00000C12  A$lcc87642$412                     gameConfiguration
     00000C13  A$lcc87642$413                     gameConfiguration
     00000C14  A$lcc87642$414                     gameConfiguration
     00000C15  A$lcc87642$415                     gameConfiguration
     00000C17  A$lcc87642$416                     gameConfiguration
     00000C18  A$lcc87642$417                     gameConfiguration
     00000C19  A$lcc87642$418                     gameConfiguration
     00000C1A  A$lcc87642$419                     gameConfiguration
     00000C1B  A$lcc87642$420                     gameConfiguration
     00000C1C  A$lcc87642$421                     gameConfiguration
     00000C1F  A$lcc87642$422                     gameConfiguration
     00000C21  A$lcc87642$423                     gameConfiguration
ASxxxx Linker V03.00 + NoICE + sdld,  page 10.
Hexadecimal  [32-Bits]

Area                                    Addr        Size        Decimal Bytes (Attributes)
--------------------------------        ----        ----        ------- ----- ------------
_CODE                               00000200    00001A55 =        6741. bytes (REL,CON)

      Value  Global                              Global Defined In Module
      -----  --------------------------------   ------------------------
     00000C22  A$lcc87642$424                     gameConfiguration
     00000C23  A$lcc87642$428                     gameConfiguration
     00000C23  C$gameConfiguration.c$89$3_0$136   gameConfiguration
     00000C24  A$lcc87642$433                     gameConfiguration
     00000C24  C$gameConfiguration.c$92$2_0$134   gameConfiguration
     00000C25  A$lcc87642$434                     gameConfiguration
     00000C27  A$lcc87642$439                     gameConfiguration
     00000C29  A$lcc87642$444                     gameConfiguration
     00000C29  C$gameConfiguration.c$94$1_0$133   gameConfiguration
     00000C29  XG$textPrintStringBkgOrWin$0$0     gameConfiguration
     00000C2A  A$lcc87642$457                     gameConfiguration
     00000C2A  C$gameConfiguration.c$96$1_0$137   gameConfiguration
     00000C2A  C$gameConfiguration.c$98$1_0$137   gameConfiguration
     00000C2A  G$initializeHUD$0$0                gameConfiguration
     00000C2A  _initializeHUD                     gameConfiguration
     00000C2D  A$lcc87642$458                     gameConfiguration
     00000C2E  A$lcc87642$459                     gameConfiguration
     00000C31  A$lcc87642$460                     gameConfiguration
     00000C32  A$lcc87642$461                     gameConfiguration
     00000C33  A$lcc87642$462                     gameConfiguration
     00000C34  A$lcc87642$463                     gameConfiguration
     00000C35  A$lcc87642$464                     gameConfiguration
     00000C36  A$lcc87642$465                     gameConfiguration
     00000C37  A$lcc87642$466                     gameConfiguration
     00000C38  A$lcc87642$467                     gameConfiguration
     00000C3B  A$lcc87642$468                     gameConfiguration
     00000C3D  A$lcc87642$470                     gameConfiguration
     00000C3F  A$lcc87642$471                     gameConfiguration
     00000C41  A$lcc87642$472                     gameConfiguration
     00000C43  A$lcc87642$473                     gameConfiguration
     00000C45  A$lcc87642$484                     gameConfiguration
     00000C45  C$gameConfiguration.c$100$3_0$13   gameConfiguration
     00000C45  C$gameConfiguration.c$101$3_0$13   gameConfiguration
     00000C45  XG$initializeHUD$0$0               gameConfiguration
     00000C46  A$lcc87642$494                     gameConfiguration
     00000C46  C$gameConfiguration.c$103$3_0$14   gameConfiguration
     00000C46  G$initializeGame$0$0               gameConfiguration
     00000C46  _initializeGame                    gameConfiguration
     00000C48  A$lcc87642$498                     gameConfiguration
     00000C48  C$gameConfiguration.c$107$1_0$14   gameConfiguration
     00000C4B  A$lcc87642$502                     gameConfiguration
     00000C4B  C$gameConfiguration.c$109$1_0$14   gameConfiguration
     00000C4E  A$lcc87642$503                     gameConfiguration
     00000C4F  A$lcc87642$504                     gameConfiguration
     00000C52  A$lcc87642$505                     gameConfiguration
     00000C53  A$lcc87642$506                     gameConfiguration
     00000C56  A$lcc87642$507                     gameConfiguration
     00000C58  A$lcc87642$511                     gameConfiguration
     00000C58  C$gameConfiguration.c$111$1_0$14   gameConfiguration
     00000C5B  A$lcc87642$512                     gameConfiguration
     00000C5D  A$lcc87642$513                     gameConfiguration
ASxxxx Linker V03.00 + NoICE + sdld,  page 11.
Hexadecimal  [32-Bits]

Area                                    Addr        Size        Decimal Bytes (Attributes)
--------------------------------        ----        ----        ------- ----- ------------
_CODE                               00000200    00001A55 =        6741. bytes (REL,CON)

      Value  Global                              Global Defined In Module
      -----  --------------------------------   ------------------------
     00000C5E  A$lcc87642$514                     gameConfiguration
     00000C60  A$lcc87642$518                     gameConfiguration
     00000C60  C$gameConfiguration.c$112$1_0$14   gameConfiguration
     00000C63  A$lcc87642$519                     gameConfiguration
     00000C65  A$lcc87642$520                     gameConfiguration
     00000C66  A$lcc87642$521                     gameConfiguration
     00000C68  A$lcc87642$525                     gameConfiguration
     00000C68  C$gameConfiguration.c$117$1_0$14   gameConfiguration
     00000C6B  A$lcc87642$526                     gameConfiguration
     00000C6C  A$lcc87642$527                     gameConfiguration
     00000C6D  A$lcc87642$528                     gameConfiguration
     00000C6E  A$lcc87642$529                     gameConfiguration
     00000C71  A$lcc87642$530                     gameConfiguration
     00000C72  A$lcc87642$531                     gameConfiguration
     00000C73  A$lcc87642$532                     gameConfiguration
     00000C76  A$lcc87642$533                     gameConfiguration
     00000C78  A$lcc87642$534                     gameConfiguration
     00000C79  A$lcc87642$535                     gameConfiguration
     00000C7C  A$lcc87642$536                     gameConfiguration
     00000C7D  A$lcc87642$540                     gameConfiguration
     00000C7D  C$gameConfiguration.c$118$1_0$14   gameConfiguration
     00000C80  A$lcc87642$541                     gameConfiguration
     00000C81  A$lcc87642$542                     gameConfiguration
     00000C82  A$lcc87642$543                     gameConfiguration
     00000C83  A$lcc87642$544                     gameConfiguration
     00000C84  A$lcc87642$545                     gameConfiguration
     00000C87  A$lcc87642$546                     gameConfiguration
     00000C88  A$lcc87642$547                     gameConfiguration
     00000C89  A$lcc87642$548                     gameConfiguration
     00000C8A  A$lcc87642$549                     gameConfiguration
     00000C8D  A$lcc87642$550                     gameConfiguration
     00000C8F  A$lcc87642$551                     gameConfiguration
     00000C90  A$lcc87642$552                     gameConfiguration
     00000C91  A$lcc87642$553                     gameConfiguration
     00000C94  A$lcc87642$557                     gameConfiguration
     00000C94  C$gameConfiguration.c$120$1_0$14   gameConfiguration
     00000C95  A$lcc87642$558                     gameConfiguration
     00000C97  A$lcc87642$559                     gameConfiguration
     00000C98  A$lcc87642$560                     gameConfiguration
     00000C99  A$lcc87642$561                     gameConfiguration
     00000C9A  A$lcc87642$562                     gameConfiguration
     00000C9B  A$lcc87642$563                     gameConfiguration
     00000C9C  A$lcc87642$564                     gameConfiguration
     00000C9D  A$lcc87642$565                     gameConfiguration
     00000C9E  A$lcc87642$566                     gameConfiguration
     00000C9F  A$lcc87642$567                     gameConfiguration
     00000CA0  A$lcc87642$568                     gameConfiguration
     00000CA1  A$lcc87642$569                     gameConfiguration
     00000CA2  A$lcc87642$570                     gameConfiguration
     00000CA3  A$lcc87642$571                     gameConfiguration
     00000CA4  A$lcc87642$572                     gameConfiguration
ASxxxx Linker V03.00 + NoICE + sdld,  page 12.
Hexadecimal  [32-Bits]

Area                                    Addr        Size        Decimal Bytes (Attributes)
--------------------------------        ----        ----        ------- ----- ------------
_CODE                               00000200    00001A55 =        6741. bytes (REL,CON)

      Value  Global                              Global Defined In Module
      -----  --------------------------------   ------------------------
     00000CA5  A$lcc87642$573                     gameConfiguration
     00000CA6  A$lcc87642$574                     gameConfiguration
     00000CA7  A$lcc87642$575                     gameConfiguration
     00000CA8  A$lcc87642$576                     gameConfiguration
     00000CA9  A$lcc87642$577                     gameConfiguration
     00000CAB  A$lcc87642$578                     gameConfiguration
     00000CAC  A$lcc87642$579                     gameConfiguration
     00000CAD  A$lcc87642$580                     gameConfiguration
     00000CAE  A$lcc87642$581                     gameConfiguration
     00000CAF  A$lcc87642$582                     gameConfiguration
     00000CB0  A$lcc87642$583                     gameConfiguration
     00000CB1  A$lcc87642$584                     gameConfiguration
     00000CB2  A$lcc87642$585                     gameConfiguration
     00000CB3  A$lcc87642$586                     gameConfiguration
     00000CB4  A$lcc87642$587                     gameConfiguration
     00000CB5  A$lcc87642$588                     gameConfiguration
     00000CB6  A$lcc87642$589                     gameConfiguration
     00000CB7  A$lcc87642$590                     gameConfiguration
     00000CB8  A$lcc87642$591                     gameConfiguration
     00000CBB  A$lcc87642$592                     gameConfiguration
     00000CBC  A$lcc87642$593                     gameConfiguration
     00000CBF  A$lcc87642$597                     gameConfiguration
     00000CBF  C$gameConfiguration.c$122$1_0$14   gameConfiguration
     00000CC1  A$lcc87642$598                     gameConfiguration
     00000CC4  A$lcc87642$599                     gameConfiguration
     00000CC5  A$lcc87642$600                     gameConfiguration
     00000CC6  A$lcc87642$601                     gameConfiguration
     00000CC8  A$lcc87642$602                     gameConfiguration
     00000CC9  A$lcc87642$603                     gameConfiguration
     00000CCA  A$lcc87642$604                     gameConfiguration
     00000CCB  A$lcc87642$605                     gameConfiguration
     00000CCD  A$lcc87642$606                     gameConfiguration
     00000CCE  A$lcc87642$607                     gameConfiguration
     00000CCF  A$lcc87642$608                     gameConfiguration
     00000CD0  A$lcc87642$609                     gameConfiguration
     00000CD3  A$lcc87642$610                     gameConfiguration
     00000CD4  A$lcc87642$611                     gameConfiguration
     00000CD5  A$lcc87642$612                     gameConfiguration
     00000CD6  A$lcc87642$613                     gameConfiguration
     00000CD7  A$lcc87642$614                     gameConfiguration
     00000CD8  A$lcc87642$615                     gameConfiguration
     00000CD9  A$lcc87642$616                     gameConfiguration
     00000CDA  A$lcc87642$617                     gameConfiguration
     00000CDD  A$lcc87642$618                     gameConfiguration
     00000CDF  A$lcc87642$622                     gameConfiguration
     00000CDF  C$gameConfiguration.c$124$1_0$14   gameConfiguration
     00000CE2  A$lcc87642$623                     gameConfiguration
     00000CE3  A$lcc87642$624                     gameConfiguration
     00000CE4  A$lcc87642$625                     gameConfiguration
     00000CE5  A$lcc87642$626                     gameConfiguration
     00000CE6  A$lcc87642$627                     gameConfiguration
ASxxxx Linker V03.00 + NoICE + sdld,  page 13.
Hexadecimal  [32-Bits]

Area                                    Addr        Size        Decimal Bytes (Attributes)
--------------------------------        ----        ----        ------- ----- ------------
_CODE                               00000200    00001A55 =        6741. bytes (REL,CON)

      Value  Global                              Global Defined In Module
      -----  --------------------------------   ------------------------
     00000CE9  A$lcc87642$628                     gameConfiguration
     00000CEB  A$lcc87642$632                     gameConfiguration
     00000CEB  C$gameConfiguration.c$126$1_0$14   gameConfiguration
     00000CEE  A$lcc87642$636                     gameConfiguration
     00000CEE  C$gameConfiguration.c$128$1_0$14   gameConfiguration
     00000CF0  A$lcc87642$637                     gameConfiguration
     00000CF2  A$lcc87642$638                     gameConfiguration
     00000CF4  A$lcc87642$642                     gameConfiguration
     00000CF4  C$gameConfiguration.c$129$1_0$14   gameConfiguration
     00000CF6  A$lcc87642$643                     gameConfiguration
     00000CF8  A$lcc87642$644                     gameConfiguration
     00000CFA  A$lcc87642$648                     gameConfiguration
     00000CFA  C$gameConfiguration.c$130$1_0$14   gameConfiguration
     00000CFC  A$lcc87642$649                     gameConfiguration
     00000CFE  A$lcc87642$650                     gameConfiguration
     00000D00  A$lcc87642$654                     gameConfiguration
     00000D00  C$gameConfiguration.c$132$1_0$14   gameConfiguration
     00000D02  A$lcc87642$655                     gameConfiguration
     00000D04  A$lcc87642$656                     gameConfiguration
     00000D06  A$lcc87642$660                     gameConfiguration
     00000D08  A$lcc87642$665                     gameConfiguration
     00000D08  C$gameConfiguration.c$133$1_0$14   gameConfiguration
     00000D08  XG$initializeGame$0$0              gameConfiguration
     00000D09  A$lcc87642$678                     gameConfiguration
     00000D09  C$gameConfiguration.c$135$1_0$14   gameConfiguration
     00000D09  C$gameConfiguration.c$137$1_0$14   gameConfiguration
     00000D09  G$gameCoreLoop$0$0                 gameConfiguration
     00000D09  _gameCoreLoop                      gameConfiguration
     00000D0C  A$lcc87642$679                     gameConfiguration
     00000D0D  A$lcc87642$680                     gameConfiguration
     00000D10  A$lcc87642$681                     gameConfiguration
     00000D12  A$lcc87642$685                     gameConfiguration
     00000D12  C$gameConfiguration.c$141$1_0$14   gameConfiguration
     00000D14  A$lcc87642$686                     gameConfiguration
     00000D15  A$lcc87642$687                     gameConfiguration
     00000D16  A$lcc87642$688                     gameConfiguration
     00000D19  A$lcc87642$689                     gameConfiguration
     00000D1A  A$lcc87642$697                     gameConfiguration
     00000D1A  C$gameConfiguration.c$142$1_0$14   gameConfiguration
     00000D1A  XG$gameCoreLoop$0$0                gameConfiguration
     00000D1B  A$lcc87643$51                      headsUpDisplay
     00000D1B  C$headsUpDisplay.c$9$0_0$103       headsUpDisplay
     00000D1B  G$addHeartToHUD$0$0                headsUpDisplay
     00000D1B  _addHeartToHUD                     headsUpDisplay
     00000D1E  A$lcc87643$52                      headsUpDisplay
     00000D20  A$lcc87643$53                      headsUpDisplay
     00000D23  A$lcc87643$54                      headsUpDisplay
     00000D24  A$lcc87643$55                      headsUpDisplay
     00000D26  A$lcc87643$56                      headsUpDisplay
     00000D27  A$lcc87643$57                      headsUpDisplay
     00000D28  A$lcc87643$58                      headsUpDisplay
ASxxxx Linker V03.00 + NoICE + sdld,  page 14.
Hexadecimal  [32-Bits]

Area                                    Addr        Size        Decimal Bytes (Attributes)
--------------------------------        ----        ----        ------- ----- ------------
_CODE                               00000200    00001A55 =        6741. bytes (REL,CON)

      Value  Global                              Global Defined In Module
      -----  --------------------------------   ------------------------
     00000D2A  A$lcc87643$59                      headsUpDisplay
     00000D2B  A$lcc87643$60                      headsUpDisplay
     00000D2C  A$lcc87643$61                      headsUpDisplay
     00000D2E  A$lcc87643$62                      headsUpDisplay
     00000D2F  A$lcc87643$63                      headsUpDisplay
     00000D30  A$lcc87643$64                      headsUpDisplay
     00000D31  A$lcc87643$65                      headsUpDisplay
     00000D32  A$lcc87643$66                      headsUpDisplay
     00000D35  A$lcc87643$67                      headsUpDisplay
     00000D37  A$lcc87643$72                      headsUpDisplay
     00000D37  C$headsUpDisplay.c$9$1_0$103       headsUpDisplay
     00000D37  XG$addHeartToHUD$0$0               headsUpDisplay
     00000D38  A$lcc87643$82                      headsUpDisplay
     00000D38  G$removeHeartFromHUD$0$0           headsUpDisplay
     00000D38  _removeHeartFromHUD                headsUpDisplay
     00000D3B  A$lcc87643$83                      headsUpDisplay
     00000D3D  A$lcc87643$84                      headsUpDisplay
     00000D40  A$lcc87643$85                      headsUpDisplay
     00000D41  A$lcc87643$86                      headsUpDisplay
     00000D43  A$lcc87643$87                      headsUpDisplay
     00000D44  A$lcc87643$88                      headsUpDisplay
     00000D45  A$lcc87643$89                      headsUpDisplay
     00000D47  A$lcc87643$90                      headsUpDisplay
     00000D48  A$lcc87643$91                      headsUpDisplay
     00000D49  A$lcc87643$92                      headsUpDisplay
     00000D4B  A$lcc87643$93                      headsUpDisplay
     00000D4C  A$lcc87643$94                      headsUpDisplay
     00000D4D  A$lcc87643$95                      headsUpDisplay
     00000D4E  A$lcc87643$96                      headsUpDisplay
     00000D4F  A$lcc87643$97                      headsUpDisplay
     00000D52  A$lcc87643$98                      headsUpDisplay
     00000D54  A$lcc87643$103                     headsUpDisplay
     00000D54  C$headsUpDisplay.c$11$1_0$104      headsUpDisplay
     00000D54  XG$removeHeartFromHUD$0$0          headsUpDisplay
     00000D55  A$lcc87643$117                     headsUpDisplay
     00000D55  C$headsUpDisplay.c$13$1_0$106      headsUpDisplay
     00000D55  G$updateHUD$0$0                    headsUpDisplay
     00000D55  XG$updateHUD$0$0                   headsUpDisplay
     00000D55  _updateHUD                         headsUpDisplay
     00000D56  A$lcc87644$76                      player
     00000D56  C$player.c$18$0_0$108              player
     00000D56  G$initializePlayer$0$0             player
     00000D56  _initializePlayer                  player
     00000D58  A$lcc87644$80                      player
     00000D58  C$player.c$20$1_0$108              player
     00000D5B  A$lcc87644$81                      player
     00000D5D  A$lcc87644$85                      player
     00000D5D  C$player.c$22$1_0$108              player
     00000D5F  A$lcc87644$86                      player
     00000D60  A$lcc87644$87                      player
     00000D61  A$lcc87644$88                      player
ASxxxx Linker V03.00 + NoICE + sdld,  page 15.
Hexadecimal  [32-Bits]

Area                                    Addr        Size        Decimal Bytes (Attributes)
--------------------------------        ----        ----        ------- ----- ------------
_CODE                               00000200    00001A55 =        6741. bytes (REL,CON)

      Value  Global                              Global Defined In Module
      -----  --------------------------------   ------------------------
     00000D62  A$lcc87644$89                      player
     00000D65  A$lcc87644$90                      player
     00000D66  A$lcc87644$91                      player
     00000D68  A$lcc87644$95                      player
     00000D68  C$player.c$24$1_0$108              player
     00000D6B  A$lcc87644$96                      player
     00000D6C  A$lcc87644$97                      player
     00000D6E  A$lcc87644$101                     player
     00000D6E  C$player.c$26$1_0$108              player
     00000D6F  A$lcc87644$102                     player
     00000D70  A$lcc87644$106                     player
     00000D70  C$player.c$28$1_0$108              player
     00000D71  A$lcc87644$107                     player
     00000D72  A$lcc87644$108                     player
     00000D73  A$lcc87644$109                     player
     00000D75  A$lcc87644$113                     player
     00000D75  C$player.c$30$1_0$108              player
     00000D78  A$lcc87644$114                     player
     00000D79  A$lcc87644$115                     player
     00000D7B  A$lcc87644$119                     player
     00000D7B  C$player.c$32$1_0$108              player
     00000D7C  A$lcc87644$120                     player
     00000D7E  A$lcc87644$121                     player
     00000D7F  A$lcc87644$122                     player
     00000D80  A$lcc87644$123                     player
     00000D82  A$lcc87644$124                     player
     00000D83  A$lcc87644$125                     player
     00000D84  A$lcc87644$126                     player
     00000D85  A$lcc87644$130                     player
     00000D85  C$player.c$34$1_0$108              player
     00000D88  A$lcc87644$131                     player
     00000D89  A$lcc87644$132                     player
     00000D8B  A$lcc87644$136                     player
     00000D8B  C$player.c$37$1_0$108              player
     00000D8E  A$lcc87644$137                     player
     00000D8F  A$lcc87644$138                     player
     00000D91  A$lcc87644$142                     player
     00000D91  C$player.c$39$1_0$108              player
     00000D94  A$lcc87644$143                     player
     00000D95  A$lcc87644$144                     player
     00000D96  A$lcc87644$145                     player
     00000D97  A$lcc87644$146                     player
     00000D98  A$lcc87644$147                     player
     00000D99  A$lcc87644$148                     player
     00000D9A  A$lcc87644$149                     player
     00000D9B  A$lcc87644$150                     player
     00000D9C  A$lcc87644$151                     player
     00000D9D  A$lcc87644$152                     player
     00000D9E  A$lcc87644$153                     player
     00000D9F  A$lcc87644$154                     player
     00000DA0  A$lcc87644$155                     player
ASxxxx Linker V03.00 + NoICE + sdld,  page 16.
Hexadecimal  [32-Bits]

Area                                    Addr        Size        Decimal Bytes (Attributes)
--------------------------------        ----        ----        ------- ----- ------------
_CODE                               00000200    00001A55 =        6741. bytes (REL,CON)

      Value  Global                              Global Defined In Module
      -----  --------------------------------   ------------------------
     00000DA1  A$lcc87644$156                     player
     00000DA2  A$lcc87644$157                     player
     00000DA3  A$lcc87644$158                     player
     00000DA4  A$lcc87644$160                     player
     00000DA7  A$lcc87644$161                     player
     00000DA8  A$lcc87644$162                     player
     00000DA9  A$lcc87644$163                     player
     00000DAA  A$lcc87644$164                     player
     00000DAC  A$lcc87644$165                     player
     00000DAD  A$lcc87644$166                     player
     00000DAE  A$lcc87644$167                     player
     00000DAF  A$lcc87644$168                     player
     00000DB1  A$lcc87644$169                     player
     00000DB2  A$lcc87644$170                     player
     00000DB3  A$lcc87644$171                     player
     00000DB4  A$lcc87644$172                     player
     00000DB5  A$lcc87644$173                     player
     00000DB6  A$lcc87644$174                     player
     00000DB7  A$lcc87644$175                     player
     00000DB8  A$lcc87644$176                     player
     00000DB9  A$lcc87644$177                     player
     00000DBA  A$lcc87644$178                     player
     00000DBB  A$lcc87644$179                     player
     00000DBE  A$lcc87644$180                     player
     00000DBF  A$lcc87644$181                     player
     00000DC0  A$lcc87644$182                     player
     00000DC1  A$lcc87644$183                     player
     00000DC3  A$lcc87644$184                     player
     00000DC4  A$lcc87644$185                     player
     00000DC5  A$lcc87644$186                     player
     00000DC6  A$lcc87644$187                     player
     00000DC8  A$lcc87644$188                     player
     00000DC9  A$lcc87644$189                     player
     00000DCC  A$lcc87644$190                     player
     00000DCD  A$lcc87644$191                     player
     00000DCE  A$lcc87644$192                     player
     00000DCF  A$lcc87644$193                     player
     00000DD0  A$lcc87644$194                     player
     00000DD1  A$lcc87644$195                     player
     00000DD2  A$lcc87644$196                     player
     00000DD3  A$lcc87644$197                     player
     00000DD4  A$lcc87644$198                     player
     00000DD5  A$lcc87644$200                     player
     00000DD8  A$lcc87644$201                     player
     00000DD9  A$lcc87644$202                     player
     00000DDA  A$lcc87644$203                     player
     00000DDB  A$lcc87644$204                     player
     00000DDD  A$lcc87644$205                     player
     00000DDE  A$lcc87644$206                     player
     00000DDF  A$lcc87644$207                     player
     00000DE0  A$lcc87644$208                     player
ASxxxx Linker V03.00 + NoICE + sdld,  page 17.
Hexadecimal  [32-Bits]

Area                                    Addr        Size        Decimal Bytes (Attributes)
--------------------------------        ----        ----        ------- ----- ------------
_CODE                               00000200    00001A55 =        6741. bytes (REL,CON)

      Value  Global                              Global Defined In Module
      -----  --------------------------------   ------------------------
     00000DE2  A$lcc87644$209                     player
     00000DE3  A$lcc87644$210                     player
     00000DE4  A$lcc87644$211                     player
     00000DE5  A$lcc87644$212                     player
     00000DE6  A$lcc87644$213                     player
     00000DE7  A$lcc87644$214                     player
     00000DE8  A$lcc87644$215                     player
     00000DE9  A$lcc87644$216                     player
     00000DEA  A$lcc87644$217                     player
     00000DEB  A$lcc87644$218                     player
     00000DEC  A$lcc87644$219                     player
     00000DED  A$lcc87644$220                     player
     00000DEE  A$lcc87644$221                     player
     00000DEF  A$lcc87644$225                     player
     00000DEF  C$player.c$41$1_0$108              player
     00000DF2  A$lcc87644$226                     player
     00000DF3  A$lcc87644$227                     player
     00000DF5  A$lcc87644$231                     player
     00000DF5  C$player.c$43$1_0$108              player
     00000DF8  A$lcc87644$232                     player
     00000DF9  A$lcc87644$233                     player
     00000DFA  A$lcc87644$234                     player
     00000DFB  A$lcc87644$235                     player
     00000DFC  A$lcc87644$239                     player
     00000DFC  C$player.c$45$1_0$108              player
     00000DFF  A$lcc87644$240                     player
     00000E00  A$lcc87644$241                     player
     00000E02  A$lcc87644$242                     player
     00000E03  A$lcc87644$243                     player
     00000E04  A$lcc87644$244                     player
     00000E05  A$lcc87644$245                     player
     00000E06  A$lcc87644$246                     player
     00000E07  A$lcc87644$247                     player
     00000E0A  A$lcc87644$248                     player
     00000E0C  A$lcc87644$250                     player
     00000E0F  A$lcc87644$251                     player
     00000E11  A$lcc87644$253                     player
     00000E13  A$lcc87644$254                     player
     00000E14  A$lcc87644$255                     player
     00000E15  A$lcc87644$256                     player
     00000E16  A$lcc87644$257                     player
     00000E17  A$lcc87644$258                     player
     00000E18  A$lcc87644$259                     player
     00000E19  A$lcc87644$260                     player
     00000E1A  A$lcc87644$261                     player
     00000E1B  A$lcc87644$262                     player
     00000E1E  A$lcc87644$263                     player
     00000E1F  A$lcc87644$264                     player
     00000E20  A$lcc87644$265                     player
     00000E23  A$lcc87644$266                     player
     00000E25  A$lcc87644$267                     player
ASxxxx Linker V03.00 + NoICE + sdld,  page 18.
Hexadecimal  [32-Bits]

Area                                    Addr        Size        Decimal Bytes (Attributes)
--------------------------------        ----        ----        ------- ----- ------------
_CODE                               00000200    00001A55 =        6741. bytes (REL,CON)

      Value  Global                              Global Defined In Module
      -----  --------------------------------   ------------------------
     00000E26  A$lcc87644$268                     player
     00000E27  A$lcc87644$269                     player
     00000E28  A$lcc87644$270                     player
     00000E29  A$lcc87644$271                     player
     00000E2A  A$lcc87644$272                     player
     00000E2B  A$lcc87644$273                     player
     00000E2C  A$lcc87644$274                     player
     00000E2D  A$lcc87644$275                     player
     00000E2E  A$lcc87644$276                     player
     00000E31  A$lcc87644$277                     player
     00000E32  A$lcc87644$278                     player
     00000E33  A$lcc87644$279                     player
     00000E36  A$lcc87644$280                     player
     00000E38  A$lcc87644$281                     player
     00000E39  A$lcc87644$283                     player
     00000E3C  A$lcc87644$285                     player
     00000E3D  A$lcc87644$286                     player
     00000E3E  A$lcc87644$287                     player
     00000E3F  A$lcc87644$294                     player
     00000E3F  C$player.c$49$3_0$108              player
     00000E41  A$lcc87644$299                     player
     00000E41  C$player.c$50$3_0$108              player
     00000E41  XG$initializePlayer$0$0            player
     00000E42  A$lcc87644$312                     player
     00000E42  C$player.c$52$3_0$116              player
     00000E42  C$player.c$54$1_0$116              player
     00000E42  G$playerAttack$0$0                 player
     00000E42  _playerAttack                      player
     00000E44  A$lcc87644$313                     player
     00000E45  A$lcc87644$314                     player
     00000E46  A$lcc87644$315                     player
     00000E47  A$lcc87644$316                     player
     00000E48  A$lcc87644$317                     player
     00000E49  A$lcc87644$318                     player
     00000E4C  A$lcc87644$322                     player
     00000E4C  C$player.c$58$2_0$117              player
     00000E4E  A$lcc87644$323                     player
     00000E4F  A$lcc87644$327                     player
     00000E4F  C$player.c$60$2_0$117              player
     00000E52  A$lcc87644$328                     player
     00000E53  A$lcc87644$329                     player
     00000E54  A$lcc87644$330                     player
     00000E55  A$lcc87644$331                     player
     00000E57  A$lcc87644$332                     player
     00000E59  A$lcc87644$333                     player
     00000E5B  A$lcc87644$334                     player
     00000E5D  A$lcc87644$335                     player
     00000E5F  A$lcc87644$336                     player
     00000E61  A$lcc87644$337                     player
     00000E63  A$lcc87644$338                     player
     00000E64  A$lcc87644$344                     player
ASxxxx Linker V03.00 + NoICE + sdld,  page 19.
Hexadecimal  [32-Bits]

Area                                    Addr        Size        Decimal Bytes (Attributes)
--------------------------------        ----        ----        ------- ----- ------------
_CODE                               00000200    00001A55 =        6741. bytes (REL,CON)

      Value  Global                              Global Defined In Module
      -----  --------------------------------   ------------------------
     00000E64  C$player.c$63$3_0$118              player
     00000E67  A$lcc87644$345                     player
     00000E69  A$lcc87644$347                     player
     00000E6C  A$lcc87644$348                     player
     00000E6D  A$lcc87644$349                     player
     00000E6E  A$lcc87644$350                     player
     00000E70  A$lcc87644$351                     player
     00000E71  A$lcc87644$352                     player
     00000E73  A$lcc87644$353                     player
     00000E74  A$lcc87644$355                     player
     00000E75  A$lcc87644$356                     player
     00000E77  A$lcc87644$357                     player
     00000E78  A$lcc87644$358                     player
     00000E79  A$lcc87644$360                     player
     00000E7C  A$lcc87644$362                     player
     00000E7D  A$lcc87644$363                     player
     00000E7E  A$lcc87644$364                     player
     00000E7F  A$lcc87644$366                     player
     00000E82  A$lcc87644$368                     player
     00000E83  A$lcc87644$369                     player
     00000E85  A$lcc87644$371                     player
     00000E88  A$lcc87644$372                     player
     00000E89  A$lcc87644$376                     player
     00000E89  C$player.c$69$3_0$118              player
     00000E8A  A$lcc87644$382                     player
     00000E8A  C$player.c$71$3_0$118              player
     00000E8D  A$lcc87644$383                     player
     00000E8F  A$lcc87644$385                     player
     00000E92  A$lcc87644$386                     player
     00000E93  A$lcc87644$387                     player
     00000E94  A$lcc87644$388                     player
     00000E96  A$lcc87644$389                     player
     00000E97  A$lcc87644$390                     player
     00000E99  A$lcc87644$391                     player
     00000E9A  A$lcc87644$393                     player
     00000E9B  A$lcc87644$394                     player
     00000E9C  A$lcc87644$395                     player
     00000E9D  A$lcc87644$396                     player
     00000E9F  A$lcc87644$397                     player
     00000EA0  A$lcc87644$399                     player
     00000EA3  A$lcc87644$401                     player
     00000EA4  A$lcc87644$402                     player
     00000EA5  A$lcc87644$403                     player
     00000EA6  A$lcc87644$405                     player
     00000EA9  A$lcc87644$407                     player
     00000EAA  A$lcc87644$408                     player
     00000EAC  A$lcc87644$410                     player
     00000EAF  A$lcc87644$411                     player
     00000EB0  A$lcc87644$415                     player
     00000EB0  C$player.c$77$3_0$118              player
     00000EB1  A$lcc87644$421                     player
ASxxxx Linker V03.00 + NoICE + sdld,  page 20.
Hexadecimal  [32-Bits]

Area                                    Addr        Size        Decimal Bytes (Attributes)
--------------------------------        ----        ----        ------- ----- ------------
_CODE                               00000200    00001A55 =        6741. bytes (REL,CON)

      Value  Global                              Global Defined In Module
      -----  --------------------------------   ------------------------
     00000EB1  C$player.c$79$3_0$118              player
     00000EB4  A$lcc87644$422                     player
     00000EB6  A$lcc87644$424                     player
     00000EB9  A$lcc87644$425                     player
     00000EBA  A$lcc87644$426                     player
     00000EBB  A$lcc87644$427                     player
     00000EBD  A$lcc87644$428                     player
     00000EBE  A$lcc87644$429                     player
     00000EC0  A$lcc87644$430                     player
     00000EC1  A$lcc87644$432                     player
     00000EC2  A$lcc87644$433                     player
     00000EC3  A$lcc87644$434                     player
     00000EC4  A$lcc87644$435                     player
     00000EC6  A$lcc87644$436                     player
     00000EC7  A$lcc87644$438                     player
     00000ECA  A$lcc87644$440                     player
     00000ECB  A$lcc87644$441                     player
     00000ECC  A$lcc87644$442                     player
     00000ECD  A$lcc87644$444                     player
     00000ED0  A$lcc87644$446                     player
     00000ED1  A$lcc87644$447                     player
     00000ED3  A$lcc87644$449                     player
     00000ED6  A$lcc87644$450                     player
     00000ED7  A$lcc87644$454                     player
     00000ED7  C$player.c$85$3_0$118              player
     00000ED8  A$lcc87644$460                     player
     00000ED8  C$player.c$87$3_0$118              player
     00000EDB  A$lcc87644$461                     player
     00000EDD  A$lcc87644$463                     player
     00000EE0  A$lcc87644$464                     player
     00000EE1  A$lcc87644$465                     player
     00000EE2  A$lcc87644$466                     player
     00000EE4  A$lcc87644$467                     player
     00000EE5  A$lcc87644$468                     player
     00000EE7  A$lcc87644$469                     player
     00000EE8  A$lcc87644$471                     player
     00000EE9  A$lcc87644$472                     player
     00000EEB  A$lcc87644$473                     player
     00000EEC  A$lcc87644$474                     player
     00000EED  A$lcc87644$476                     player
     00000EF0  A$lcc87644$478                     player
     00000EF1  A$lcc87644$479                     player
     00000EF2  A$lcc87644$480                     player
     00000EF3  A$lcc87644$482                     player
     00000EF6  A$lcc87644$484                     player
     00000EF7  A$lcc87644$485                     player
     00000EF9  A$lcc87644$487                     player
     00000EFC  A$lcc87644$488                     player
     00000EFD  A$lcc87644$492                     player
     00000EFD  C$player.c$94$1_0$116              player
     00000EFE  A$lcc87644$497                     player
ASxxxx Linker V03.00 + NoICE + sdld,  page 21.
Hexadecimal  [32-Bits]

Area                                    Addr        Size        Decimal Bytes (Attributes)
--------------------------------        ----        ----        ------- ----- ------------
_CODE                               00000200    00001A55 =        6741. bytes (REL,CON)

      Value  Global                              Global Defined In Module
      -----  --------------------------------   ------------------------
     00000EFE  C$player.c$98$2_0$119              player
     00000F01  A$lcc87644$498                     player
     00000F02  A$lcc87644$499                     player
     00000F03  A$lcc87644$503                     player
     00000F03  C$player.c$100$2_0$119             player
     00000F04  A$lcc87644$504                     player
     00000F06  A$lcc87644$505                     player
     00000F07  A$lcc87644$506                     player
     00000F08  A$lcc87644$510                     player
     00000F08  C$player.c$102$3_0$120             player
     00000F0A  A$lcc87644$514                     player
     00000F0A  C$player.c$104$3_0$120             player
     00000F0B  A$lcc87644$515                     player
     00000F0C  A$lcc87644$517                     player
     00000F0F  A$lcc87644$518                     player
     00000F11  A$lcc87644$529                     player
     00000F11  C$player.c$106$1_0$116             player
     00000F11  C$player.c$109$1_0$116             player
     00000F11  XG$playerAttack$0$0                player
     00000F12  A$lcc87644$542                     player
     00000F12  C$player.c$111$1_0$173             player
     00000F12  C$player.c$113$1_0$173             player
     00000F12  G$playerHealthManagement$0$0       player
     00000F12  _playerHealthManagement            player
     00000F14  A$lcc87644$543                     player
     00000F15  A$lcc87644$544                     player
     00000F17  A$lcc87644$545                     player
     00000F19  A$lcc87644$549                     player
     00000F19  C$player.c$117$2_0$174             player
     00000F1B  A$lcc87644$550                     player
     00000F1C  A$lcc87644$551                     player
     00000F1D  A$lcc87644$552                     player
     00000F1E  A$lcc87644$553                     player
     00000F1F  A$lcc87644$554                     player
     00000F20  A$lcc87644$555                     player
     00000F21  A$lcc87644$556                     player
     00000F22  A$lcc87644$557                     player
     00000F23  A$lcc87644$558                     player
     00000F25  A$lcc87644$562                     player
     00000F25  C$player.c$119$3_0$175             player
     00000F26  A$lcc87644$563                     player
     00000F27  A$lcc87644$567                     player
     00000F27  C$player.c$120$3_0$175             player
     00000F2A  A$lcc87644$568                     player
     00000F2B  A$lcc87644$569                     player
     00000F2C  A$lcc87644$570                     player
     00000F2D  A$lcc87644$571                     player
     00000F2E  A$lcc87644$575                     player
     00000F2E  C$player.c$122$3_0$175             player
     00000F31  A$lcc87644$577                     player
     00000F34  A$lcc87644$578                     player
ASxxxx Linker V03.00 + NoICE + sdld,  page 22.
Hexadecimal  [32-Bits]

Area                                    Addr        Size        Decimal Bytes (Attributes)
--------------------------------        ----        ----        ------- ----- ------------
_CODE                               00000200    00001A55 =        6741. bytes (REL,CON)

      Value  Global                              Global Defined In Module
      -----  --------------------------------   ------------------------
     00000F36  A$lcc87644$586                     player
     00000F36  C$player.c$127$1_0$173             player
     00000F36  C$player.c$130$1_0$173             player
     00000F38  A$lcc87644$587                     player
     00000F39  A$lcc87644$588                     player
     00000F3A  A$lcc87644$589                     player
     00000F3B  A$lcc87644$590                     player
     00000F3E  A$lcc87644$591                     player
     00000F3F  A$lcc87644$592                     player
     00000F40  A$lcc87644$593                     player
     00000F41  A$lcc87644$594                     player
     00000F42  A$lcc87644$595                     player
     00000F44  A$lcc87644$599                     player
     00000F44  C$player.c$132$2_0$176             player
     00000F47  A$lcc87644$600                     player
     00000F48  A$lcc87644$602                     player
     00000F4B  A$lcc87644$603                     player
     00000F4D  A$lcc87644$607                     player
     00000F4D  C$player.c$136$2_0$176             player
     00000F4F  A$lcc87644$608                     player
     00000F52  A$lcc87644$609                     player
     00000F53  A$lcc87644$610                     player
     00000F54  A$lcc87644$614                     player
     00000F54  C$player.c$140$5_0$179             player
     00000F57  A$lcc87644$615                     player
     00000F58  A$lcc87644$616                     player
     00000F59  A$lcc87644$617                     player
     00000F5A  A$lcc87644$618                     player
     00000F5C  A$lcc87644$620                     player
     00000F5D  A$lcc87644$621                     player
     00000F5E  A$lcc87644$622                     player
     00000F5F  A$lcc87644$623                     player
     00000F60  A$lcc87644$624                     player
     00000F62  A$lcc87644$625                     player
     00000F65  A$lcc87644$626                     player
     00000F66  A$lcc87644$627                     player
     00000F68  A$lcc87644$628                     player
     00000F69  A$lcc87644$629                     player
     00000F6A  A$lcc87644$630                     player
     00000F6C  A$lcc87644$631                     player
     00000F6D  A$lcc87644$632                     player
     00000F6E  A$lcc87644$633                     player
     00000F70  A$lcc87644$634                     player
     00000F71  A$lcc87644$635                     player
     00000F72  A$lcc87644$636                     player
     00000F74  A$lcc87644$637                     player
     00000F75  A$lcc87644$638                     player
     00000F76  A$lcc87644$639                     player
     00000F77  A$lcc87644$640                     player
     00000F78  A$lcc87644$641                     player
     00000F7B  A$lcc87644$642                     player
ASxxxx Linker V03.00 + NoICE + sdld,  page 23.
Hexadecimal  [32-Bits]

Area                                    Addr        Size        Decimal Bytes (Attributes)
--------------------------------        ----        ----        ------- ----- ------------
_CODE                               00000200    00001A55 =        6741. bytes (REL,CON)

      Value  Global                              Global Defined In Module
      -----  --------------------------------   ------------------------
     00000F7D  A$lcc87644$643                     player
     00000F7E  A$lcc87644$644                     player
     00000F7F  A$lcc87644$645                     player
     00000F81  A$lcc87644$650                     player
     00000F81  C$player.c$142$3_0$177             player
     00000F84  A$lcc87644$651                     player
     00000F86  A$lcc87644$655                     player
     00000F86  C$player.c$144$3_0$177             player
     00000F89  A$lcc87644$656                     player
     00000F8B  A$lcc87644$657                     player
     00000F8C  A$lcc87644$662                     player
     00000F8C  C$player.c$148$1_0$173             player
     00000F8D  A$lcc87644$663                     player
     00000F8E  A$lcc87644$664                     player
     00000F8F  A$lcc87644$665                     player
     00000F90  A$lcc87644$666                     player
     00000F91  A$lcc87644$667                     player
     00000F92  A$lcc87644$671                     player
     00000F92  C$player.c$150$2_0$180             player
     00000F95  A$lcc87644$672                     player
     00000F96  A$lcc87644$673                     player
     00000F97  A$lcc87644$677                     player
     00000F97  C$player.c$152$2_0$180             player
     00000F98  A$lcc87644$678                     player
     00000F9A  A$lcc87644$679                     player
     00000F9B  A$lcc87644$683                     player
     00000F9B  C$player.c$154$3_0$181             player
     00000F9D  A$lcc87644$687                     player
     00000F9D  C$player.c$155$3_0$181             player
     00000F9F  A$lcc87644$688                     player
     00000FA0  A$lcc87644$696                     player
     00000FA0  C$player.c$158$1_0$173             player
     00000FA0  XG$playerHealthManagement$0$0      player
     00000FA1  A$lcc87644$706                     player
     00000FA1  C$player.c$160$1_0$189             player
     00000FA1  G$playerMovement$0$0               player
     00000FA1  _playerMovement                    player
     00000FA3  A$lcc87644$710                     player
     00000FA3  C$player.c$162$2_0$189             player
     00000FA4  A$lcc87644$711                     player
     00000FA6  A$lcc87644$712                     player
     00000FA7  A$lcc87644$716                     player
     00000FAA  A$lcc87644$717                     player
     00000FAB  A$lcc87644$721                     player
     00000FAD  A$lcc87644$722                     player
     00000FAE  A$lcc87644$723                     player
[...]
      -----  --------------------------------   ------------------------
     0000FF1E  _NR34_REG                          

ASxxxx Linker V03.00 + NoICE + sdld,  page 92.
Hexadecimal  [32-Bits]

Area                                    Addr        Size        Decimal Bytes (Attributes)
--------------------------------        ----        ----        ------- ----- ------------
_SFR16                              00000000    00000001 =           1. bytes (ABS,CON)

      Value  Global                              Global Defined In Module
      -----  --------------------------------   ------------------------
     0000FF20  _NR41_REG                          

ASxxxx Linker V03.00 + NoICE + sdld,  page 93.
Hexadecimal  [32-Bits]

Area                                    Addr        Size        Decimal Bytes (Attributes)
--------------------------------        ----        ----        ------- ----- ------------
_SFR17                              00000000    00000001 =           1. bytes (ABS,CON)

      Value  Global                              Global Defined In Module
      -----  --------------------------------   ------------------------
     0000FF21  _NR42_REG                          

ASxxxx Linker V03.00 + NoICE + sdld,  page 94.
Hexadecimal  [32-Bits]

Area                                    Addr        Size        Decimal Bytes (Attributes)
--------------------------------        ----        ----        ------- ----- ------------
_SFR18                              00000000    00000001 =           1. bytes (ABS,CON)

      Value  Global                              Global Defined In Module
      -----  --------------------------------   ------------------------
     0000FF22  _NR43_REG                          

ASxxxx Linker V03.00 + NoICE + sdld,  page 95.
Hexadecimal  [32-Bits]

Area                                    Addr        Size        Decimal Bytes (Attributes)
--------------------------------        ----        ----        ------- ----- ------------
_SFR19                              00000000    00000001 =           1. bytes (ABS,CON)

      Value  Global                              Global Defined In Module
      -----  --------------------------------   ------------------------
     0000FF23  _NR44_REG                          

ASxxxx Linker V03.00 + NoICE + sdld,  page 96.
Hexadecimal  [32-Bits]

Area                                    Addr        Size        Decimal Bytes (Attributes)
--------------------------------        ----        ----        ------- ----- ------------
_SFR1a                              00000000    00000001 =           1. bytes (ABS,CON)

      Value  Global                              Global Defined In Module
      -----  --------------------------------   ------------------------
     0000FF24  _NR50_REG                          

ASxxxx Linker V03.00 + NoICE + sdld,  page 97.
Hexadecimal  [32-Bits]

Area                                    Addr        Size        Decimal Bytes (Attributes)
--------------------------------        ----        ----        ------- ----- ------------
_SFR1b                              00000000    00000001 =           1. bytes (ABS,CON)

      Value  Global                              Global Defined In Module
      -----  --------------------------------   ------------------------
     0000FF25  _NR51_REG                          

ASxxxx Linker V03.00 + NoICE + sdld,  page 98.
Hexadecimal  [32-Bits]

Area                                    Addr        Size        Decimal Bytes (Attributes)
--------------------------------        ----        ----        ------- ----- ------------
_SFR1c                              00000000    00000001 =           1. bytes (ABS,CON)

      Value  Global                              Global Defined In Module
      -----  --------------------------------   ------------------------
     0000FF26  _NR52_REG                          

ASxxxx Linker V03.00 + NoICE + sdld,  page 99.
Hexadecimal  [32-Bits]

Area                                    Addr        Size        Decimal Bytes (Attributes)
--------------------------------        ----        ----        ------- ----- ------------
_SFR1d                              00000000    00000001 =           1. bytes (ABS,CON)

      Value  Global                              Global Defined In Module
      -----  --------------------------------   ------------------------
     0000FF40  _LCDC_REG                          

ASxxxx Linker V03.00 + NoICE + sdld,  page 100.
Hexadecimal  [32-Bits]

Area                                    Addr        Size        Decimal Bytes (Attributes)
--------------------------------        ----        ----        ------- ----- ------------
_SFR1e                              00000000    00000001 =           1. bytes (ABS,CON)

      Value  Global                              Global Defined In Module
      -----  --------------------------------   ------------------------
     0000FF41  _STAT_REG                          

ASxxxx Linker V03.00 + NoICE + sdld,  page 101.
Hexadecimal  [32-Bits]

Area                                    Addr        Size        Decimal Bytes (Attributes)
--------------------------------        ----        ----        ------- ----- ------------
_SFR1f                              00000000    00000001 =           1. bytes (ABS,CON)

      Value  Global                              Global Defined In Module
      -----  --------------------------------   ------------------------
     0000FF42  _SCY_REG                           

ASxxxx Linker V03.00 + NoICE + sdld,  page 102.
Hexadecimal  [32-Bits]

Area                                    Addr        Size        Decimal Bytes (Attributes)
--------------------------------        ----        ----        ------- ----- ------------
_SFR20                              00000000    00000001 =           1. bytes (ABS,CON)

      Value  Global                              Global Defined In Module
      -----  --------------------------------   ------------------------
     0000FF43  _SCX_REG                           

ASxxxx Linker V03.00 + NoICE + sdld,  page 103.
Hexadecimal  [32-Bits]

Area                                    Addr        Size        Decimal Bytes (Attributes)
--------------------------------        ----        ----        ------- ----- ------------
_SFR21                              00000000    00000001 =           1. bytes (ABS,CON)

      Value  Global                              Global Defined In Module
      -----  --------------------------------   ------------------------
     0000FF44  _LY_REG                            

ASxxxx Linker V03.00 + NoICE + sdld,  page 104.
Hexadecimal  [32-Bits]

Area                                    Addr        Size        Decimal Bytes (Attributes)
--------------------------------        ----        ----        ------- ----- ------------
_SFR22                              00000000    00000001 =           1. bytes (ABS,CON)

      Value  Global                              Global Defined In Module
      -----  --------------------------------   ------------------------
     0000FF45  _LYC_REG                           

ASxxxx Linker V03.00 + NoICE + sdld,  page 105.
Hexadecimal  [32-Bits]

Area                                    Addr        Size        Decimal Bytes (Attributes)
--------------------------------        ----        ----        ------- ----- ------------
_SFR23                              00000000    00000001 =           1. bytes (ABS,CON)

      Value  Global                              Global Defined In Module
      -----  --------------------------------   ------------------------
     0000FF46  _DMA_REG                           

ASxxxx Linker V03.00 + NoICE + sdld,  page 106.
Hexadecimal  [32-Bits]

Area                                    Addr        Size        Decimal Bytes (Attributes)
--------------------------------        ----        ----        ------- ----- ------------
_SFR24                              00000000    00000001 =           1. bytes (ABS,CON)

      Value  Global                              Global Defined In Module
      -----  --------------------------------   ------------------------
     0000FF47  _BGP_REG                           

ASxxxx Linker V03.00 + NoICE + sdld,  page 107.
Hexadecimal  [32-Bits]

Area                                    Addr        Size        Decimal Bytes (Attributes)
--------------------------------        ----        ----        ------- ----- ------------
_SFR25                              00000000    00000001 =           1. bytes (ABS,CON)

      Value  Global                              Global Defined In Module
      -----  --------------------------------   ------------------------
     0000FF48  _OBP0_REG                          

ASxxxx Linker V03.00 + NoICE + sdld,  page 108.
Hexadecimal  [32-Bits]

Area                                    Addr        Size        Decimal Bytes (Attributes)
--------------------------------        ----        ----        ------- ----- ------------
_SFR26                              00000000    00000001 =           1. bytes (ABS,CON)

      Value  Global                              Global Defined In Module
      -----  --------------------------------   ------------------------
     0000FF49  _OBP1_REG                          

ASxxxx Linker V03.00 + NoICE + sdld,  page 109.
Hexadecimal  [32-Bits]

Area                                    Addr        Size        Decimal Bytes (Attributes)
--------------------------------        ----        ----        ------- ----- ------------
_SFR27                              00000000    00000001 =           1. bytes (ABS,CON)

      Value  Global                              Global Defined In Module
      -----  --------------------------------   ------------------------
     0000FF4A  _WY_REG                            

ASxxxx Linker V03.00 + NoICE + sdld,  page 110.
Hexadecimal  [32-Bits]

Area                                    Addr        Size        Decimal Bytes (Attributes)
--------------------------------        ----        ----        ------- ----- ------------
_SFR28                              00000000    00000001 =           1. bytes (ABS,CON)

      Value  Global                              Global Defined In Module
      -----  --------------------------------   ------------------------
     0000FF4B  _WX_REG                            

ASxxxx Linker V03.00 + NoICE + sdld,  page 111.
Hexadecimal  [32-Bits]

Area                                    Addr        Size        Decimal Bytes (Attributes)
--------------------------------        ----        ----        ------- ----- ------------
_SFR29                              00000000    00000001 =           1. bytes (ABS,CON)

      Value  Global                              Global Defined In Module
      -----  --------------------------------   ------------------------
     0000FF4D  _KEY1_REG                          

ASxxxx Linker V03.00 + NoICE + sdld,  page 112.
Hexadecimal  [32-Bits]

Area                                    Addr        Size        Decimal Bytes (Attributes)
--------------------------------        ----        ----        ------- ----- ------------
_SFR2a                              00000000    00000001 =           1. bytes (ABS,CON)

      Value  Global                              Global Defined In Module
      -----  --------------------------------   ------------------------
     0000FF4F  _VBK_REG                           

ASxxxx Linker V03.00 + NoICE + sdld,  page 113.
Hexadecimal  [32-Bits]

Area                                    Addr        Size        Decimal Bytes (Attributes)
--------------------------------        ----        ----        ------- ----- ------------
_SFR2b                              00000000    00000001 =           1. bytes (ABS,CON)

      Value  Global                              Global Defined In Module
      -----  --------------------------------   ------------------------
     0000FF51  _HDMA1_REG                         

ASxxxx Linker V03.00 + NoICE + sdld,  page 114.
Hexadecimal  [32-Bits]

Area                                    Addr        Size        Decimal Bytes (Attributes)
--------------------------------        ----        ----        ------- ----- ------------
_SFR2c                              00000000    00000001 =           1. bytes (ABS,CON)

      Value  Global                              Global Defined In Module
      -----  --------------------------------   ------------------------
     0000FF52  _HDMA2_REG                         

ASxxxx Linker V03.00 + NoICE + sdld,  page 115.
Hexadecimal  [32-Bits]

Area                                    Addr        Size        Decimal Bytes (Attributes)
--------------------------------        ----        ----        ------- ----- ------------
_SFR2d                              00000000    00000001 =           1. bytes (ABS,CON)

      Value  Global                              Global Defined In Module
      -----  --------------------------------   ------------------------
     0000FF53  _HDMA3_REG                         

ASxxxx Linker V03.00 + NoICE + sdld,  page 116.
Hexadecimal  [32-Bits]

Area                                    Addr        Size        Decimal Bytes (Attributes)
--------------------------------        ----        ----        ------- ----- ------------
_SFR2e                              00000000    00000001 =           1. bytes (ABS,CON)

      Value  Global                              Global Defined In Module
      -----  --------------------------------   ------------------------
     0000FF54  _HDMA4_REG                         

ASxxxx Linker V03.00 + NoICE + sdld,  page 117.
Hexadecimal  [32-Bits]

Area                                    Addr        Size        Decimal Bytes (Attributes)
--------------------------------        ----        ----        ------- ----- ------------
_SFR2f                              00000000    00000001 =           1. bytes (ABS,CON)

      Value  Global                              Global Defined In Module
      -----  --------------------------------   ------------------------
     0000FF55  _HDMA5_REG                         

ASxxxx Linker V03.00 + NoICE + sdld,  page 118.
Hexadecimal  [32-Bits]

Area                                    Addr        Size        Decimal Bytes (Attributes)
--------------------------------        ----        ----        ------- ----- ------------
_SFR30                              00000000    00000001 =           1. bytes (ABS,CON)

      Value  Global                              Global Defined In Module
      -----  --------------------------------   ------------------------
     0000FF56  _RP_REG                            

ASxxxx Linker V03.00 + NoICE + sdld,  page 119.
Hexadecimal  [32-Bits]

Area                                    Addr        Size        Decimal Bytes (Attributes)
--------------------------------        ----        ----        ------- ----- ------------
_SFR31                              00000000    00000001 =           1. bytes (ABS,CON)

      Value  Global                              Global Defined In Module
      -----  --------------------------------   ------------------------
     0000FF68  _BCPS_REG                          

ASxxxx Linker V03.00 + NoICE + sdld,  page 120.
Hexadecimal  [32-Bits]

Area                                    Addr        Size        Decimal Bytes (Attributes)
--------------------------------        ----        ----        ------- ----- ------------
_SFR32                              00000000    00000001 =           1. bytes (ABS,CON)

      Value  Global                              Global Defined In Module
      -----  --------------------------------   ------------------------
     0000FF69  _BCPD_REG                          

ASxxxx Linker V03.00 + NoICE + sdld,  page 121.
Hexadecimal  [32-Bits]

Area                                    Addr        Size        Decimal Bytes (Attributes)
--------------------------------        ----        ----        ------- ----- ------------
_SFR33                              00000000    00000001 =           1. bytes (ABS,CON)

      Value  Global                              Global Defined In Module
      -----  --------------------------------   ------------------------
     0000FF6A  _OCPS_REG                          

ASxxxx Linker V03.00 + NoICE + sdld,  page 122.
Hexadecimal  [32-Bits]

Area                                    Addr        Size        Decimal Bytes (Attributes)
--------------------------------        ----        ----        ------- ----- ------------
_SFR34                              00000000    00000001 =           1. bytes (ABS,CON)

      Value  Global                              Global Defined In Module
      -----  --------------------------------   ------------------------
     0000FF6B  _OCPD_REG                          

ASxxxx Linker V03.00 + NoICE + sdld,  page 123.
Hexadecimal  [32-Bits]

Area                                    Addr        Size        Decimal Bytes (Attributes)
--------------------------------        ----        ----        ------- ----- ------------
_SFR35                              00000000    00000001 =           1. bytes (ABS,CON)

      Value  Global                              Global Defined In Module
      -----  --------------------------------   ------------------------
     0000FF70  _SVBK_REG                          

ASxxxx Linker V03.00 + NoICE + sdld,  page 124.
Hexadecimal  [32-Bits]

Area                                    Addr        Size        Decimal Bytes (Attributes)
--------------------------------        ----        ----        ------- ----- ------------
_SFR36                              00000000    00000001 =           1. bytes (ABS,CON)

      Value  Global                              Global Defined In Module
      -----  --------------------------------   ------------------------
     0000FFFF  _IE_REG                            

ASxxxx Linker V03.00 + NoICE + sdld,  page 125.

Files Linked                              [ module(s) ]

c:\gbdk\lib/small/asxxxx/gb/crt0.o        [ Runtime ]
main.o                                    [ main ]
C:\Users\7319a\AppData\Local\Temp/lcc87640.o
                                          [ headsUpDisplayMB ]
C:\Users\7319a\AppData\Local\Temp/lcc87641.o
                                          [ overworldMB ]
C:\Users\7319a\AppData\Local\Temp/lcc87642.o
                                          [ gameConfiguration ]
C:\Users\7319a\AppData\Local\Temp/lcc87643.o
                                          [ headsUpDisplay ]
C:\Users\7319a\AppData\Local\Temp/lcc87644.o
                                          [ player ]
C:\Users\7319a\AppData\Local\Temp/lcc87645.o
                                          [ sceneConfiguration ]
C:\Users\7319a\AppData\Local\Temp/lcc87646.o
                                          [ fontTD ]
C:\Users\7319a\AppData\Local\Temp/lcc87647.o
                                          [ overworldTD ]
C:\Users\7319a\AppData\Local\Temp/lcc87648.o
                                          [ playerTD ]


Libraries Linked                          [ object file ]

c:\gbdk\lib/small/asxxxx/gbz80/gbz80.lib  [ div.o ]
c:\gbdk\lib/small/asxxxx/gb/gb.lib        [ sfr.o ]
c:\gbdk\lib/small/asxxxx/gb/gb.lib        [ set_wi_t.o ]
c:\gbdk\lib/small/asxxxx/gb/gb.lib        [ set_data.o ]
c:\gbdk\lib/small/asxxxx/gb/gb.lib        [ set_tile_submap.o ]
c:\gbdk\lib/small/asxxxx/gb/gb.lib        [ pad.o ]
c:\gbdk\lib/small/asxxxx/gb/gb.lib        [ rand.o ]
c:\gbdk\lib/small/asxxxx/gb/gb.lib        [ set_bk_t.o ]
c:\gbdk\lib/small/asxxxx/gb/gb.lib        [ set_xy_t.o ]

ASxxxx Linker V03.00 + NoICE + sdld,  page 126.

User Base Address Definitions

_DATA=0xc0a0
_CODE=0x0200
ASxxxx Linker V03.00 + NoICE + sdld,  page 127.

User Global Definitions

_shadow_OAM=0xC000
.STACK=0xE000
.refresh_OAM=0xFF80

